// Jest Snapshot v1, https://goo.gl/fbAQLP

exports[`<App /> should render and match the snapshot 1`] = `
<ForwardRef(App__AppWrapper)>
  <HelmetWrapper
    defaultTitle="Max Life Boilerplate"
    defer={true}
    encodeSpecialCharacters={true}
    titleTemplate="%s - Max Life Boilerplate"
  >
    <meta
      content="A Max Life Boilerplate application"
      name="description"
    />
  </HelmetWrapper>
  <Header />
  <Switch>
    <Route
      component={[Function]}
      exact={true}
      path="/"
    />
    <Route
      component={[Function]}
      path="/productivity"
    />
    <Route
      component={[Function]}
    />
  </Switch>
  <Footer />
  <GlobalStyleComponent />
</ForwardRef(App__AppWrapper)>
`;
