// Jest Snapshot v1, https://goo.gl/fbAQLP

exports[`<Footer /> should render and match the snapshot 1`] = `
<footer
  className="Wrapper-wcfdfo-0 dPvBog"
>
  <section>    
      <a
        class="FooterLink-i2lytn-0 liOpIh"
        href="/"
      >
        <span>
          Home
        </span>
      </a>
      <a
        class="FooterLink-i2lytn-0 liOpIh"
        href="/productivity"
      >
        <span>
          Productivity
        </span>
      </a>
  </section>
</footer>
`;
